  IntegerFormatter.cpp
D:\Files\учусь программировать\PolytechLessons\Kostikov_MN_1.1_NumberConversion\Kostikov_MN_1.1_NumberConversion\IntegerFormatter.cpp(56,8): warning C4267: инициализация: преобразование из "size_t" в "int"; возможна потеря данных
      D:\Files\учусь программировать\PolytechLessons\Kostikov_MN_1.1_NumberConversion\Kostikov_MN_1.1_NumberConversion\IntegerFormatter.cpp(56,8):
      контекст создания экземпляра шаблона (сначала самый старый)
          D:\Files\учусь программировать\PolytechLessons\Kostikov_MN_1.1_NumberConversion\Kostikov_MN_1.1_NumberConversion\IntegerFormatter.h(39,37):
          выполняется компиляция ссылки на экземпляр класс шаблон функции "IntegerFormatter<int>"
          D:\Files\учусь программировать\PolytechLessons\Kostikov_MN_1.1_NumberConversion\Kostikov_MN_1.1_NumberConversion\IntegerFormatter.cpp(54,49):
          во время компиляции функции-члена класс шаблон "void IntegerFormatter<int>::from(const char *)"
              D:\Files\учусь программировать\PolytechLessons\Kostikov_MN_1.1_NumberConversion\Kostikov_MN_1.1_NumberConversion\IntegerFormatter.cpp(121,16):
              см. первую ссылку на "IntegerFormatter<int>::from" в "operator >>"
  
D:\Files\учусь программировать\PolytechLessons\Kostikov_MN_1.1_NumberConversion\Kostikov_MN_1.1_NumberConversion\IntegerFormatter.cpp(82,8): warning C4267: инициализация: преобразование из "size_t" в "int"; возможна потеря данных
      D:\Files\учусь программировать\PolytechLessons\Kostikov_MN_1.1_NumberConversion\Kostikov_MN_1.1_NumberConversion\IntegerFormatter.cpp(82,8):
      контекст создания экземпляра шаблона (сначала самый старый)
          D:\Files\учусь программировать\PolytechLessons\Kostikov_MN_1.1_NumberConversion\Kostikov_MN_1.1_NumberConversion\IntegerFormatter.cpp(73,33):
          во время компиляции функции-члена класс шаблон "char *IntegerFormatter<int>::to(void)"
              D:\Files\учусь программировать\PolytechLessons\Kostikov_MN_1.1_NumberConversion\Kostikov_MN_1.1_NumberConversion\IntegerFormatter.cpp(115,2):
              см. первую ссылку на "IntegerFormatter<int>::to" в "operator <<"
  
D:\Files\учусь программировать\PolytechLessons\Kostikov_MN_1.1_NumberConversion\Kostikov_MN_1.1_NumberConversion\Converts.h(12,17): warning C4305: +=: усечение из "int" в "char"
  (компиляция исходного файла "IntegerFormatter.cpp")
      D:\Files\учусь программировать\PolytechLessons\Kostikov_MN_1.1_NumberConversion\Kostikov_MN_1.1_NumberConversion\Converts.h(12,17):
      контекст создания экземпляра шаблона (сначала самый старый)
          D:\Files\учусь программировать\PolytechLessons\Kostikov_MN_1.1_NumberConversion\Kostikov_MN_1.1_NumberConversion\IntegerFormatter.cpp(39,47):
          во время компиляции функции-члена класс шаблон "char IntegerFormatter<int>::operator [](int)"
          D:\Files\учусь программировать\PolytechLessons\Kostikov_MN_1.1_NumberConversion\Kostikov_MN_1.1_NumberConversion\IntegerFormatter.cpp(41,12):
          выполняется компиляция ссылки на экземпляр шаблон функции "void converts::number_to_string<T>(T,char *,char)"
          with
          [
              T=int
          ]
  
  main.cpp
D:\Files\учусь программировать\PolytechLessons\Kostikov_MN_1.1_NumberConversion\Kostikov_MN_1.1_NumberConversion\IntegerFormatter.h(39,37): warning C4661: void IntegerFormatter<int>::upper(char *): отсутствует подходящее определение для запроса на явное создание экземпляра шаблона
  (компиляция исходного файла "main.cpp")
      D:\Files\учусь программировать\PolytechLessons\Kostikov_MN_1.1_NumberConversion\Kostikov_MN_1.1_NumberConversion\IntegerFormatter.h(9,7):
       см. объявление "IntegerFormatter<int>::upper"
  
D:\Files\учусь программировать\PolytechLessons\Kostikov_MN_1.1_NumberConversion\Kostikov_MN_1.1_NumberConversion\IntegerFormatter.h(39,37): warning C4661: IntegerFormatter<int>::IntegerFormatter(const char *): отсутствует подходящее определение для запроса на явное создание экземпляра шаблона
  (компиляция исходного файла "main.cpp")
      D:\Files\учусь программировать\PolytechLessons\Kostikov_MN_1.1_NumberConversion\Kostikov_MN_1.1_NumberConversion\IntegerFormatter.h(14,2):
       см. объявление "IntegerFormatter<int>::IntegerFormatter"
  
D:\Files\учусь программировать\PolytechLessons\Kostikov_MN_1.1_NumberConversion\Kostikov_MN_1.1_NumberConversion\IntegerFormatter.h(39,37): warning C4661: IntegerFormatter<int>::IntegerFormatter(T,char): отсутствует подходящее определение для запроса на явное создание экземпляра шаблона
D:\Files\учусь программировать\PolytechLessons\Kostikov_MN_1.1_NumberConversion\Kostikov_MN_1.1_NumberConversion\IntegerFormatter.h(39,37): warning C4661:         with
D:\Files\учусь программировать\PolytechLessons\Kostikov_MN_1.1_NumberConversion\Kostikov_MN_1.1_NumberConversion\IntegerFormatter.h(39,37): warning C4661:         [
D:\Files\учусь программировать\PolytechLessons\Kostikov_MN_1.1_NumberConversion\Kostikov_MN_1.1_NumberConversion\IntegerFormatter.h(39,37): warning C4661:             T=int
D:\Files\учусь программировать\PolytechLessons\Kostikov_MN_1.1_NumberConversion\Kostikov_MN_1.1_NumberConversion\IntegerFormatter.h(39,37): warning C4661:         ]
  (компиляция исходного файла "main.cpp")
      D:\Files\учусь программировать\PolytechLessons\Kostikov_MN_1.1_NumberConversion\Kostikov_MN_1.1_NumberConversion\IntegerFormatter.h(13,2):
       см. объявление "IntegerFormatter<int>::IntegerFormatter"
  
D:\Files\учусь программировать\PolytechLessons\Kostikov_MN_1.1_NumberConversion\Kostikov_MN_1.1_NumberConversion\IntegerFormatter.h(39,37): warning C4661: IntegerFormatter<int>::IntegerFormatter(T): отсутствует подходящее определение для запроса на явное создание экземпляра шаблона
D:\Files\учусь программировать\PolytechLessons\Kostikov_MN_1.1_NumberConversion\Kostikov_MN_1.1_NumberConversion\IntegerFormatter.h(39,37): warning C4661:         with
D:\Files\учусь программировать\PolytechLessons\Kostikov_MN_1.1_NumberConversion\Kostikov_MN_1.1_NumberConversion\IntegerFormatter.h(39,37): warning C4661:         [
D:\Files\учусь программировать\PolytechLessons\Kostikov_MN_1.1_NumberConversion\Kostikov_MN_1.1_NumberConversion\IntegerFormatter.h(39,37): warning C4661:             T=int
D:\Files\учусь программировать\PolytechLessons\Kostikov_MN_1.1_NumberConversion\Kostikov_MN_1.1_NumberConversion\IntegerFormatter.h(39,37): warning C4661:         ]
  (компиляция исходного файла "main.cpp")
      D:\Files\учусь программировать\PolytechLessons\Kostikov_MN_1.1_NumberConversion\Kostikov_MN_1.1_NumberConversion\IntegerFormatter.h(12,2):
       см. объявление "IntegerFormatter<int>::IntegerFormatter"
  
D:\Files\учусь программировать\PolytechLessons\Kostikov_MN_1.1_NumberConversion\Kostikov_MN_1.1_NumberConversion\IntegerFormatter.h(39,37): warning C4661: IntegerFormatter<int>::IntegerFormatter(void): отсутствует подходящее определение для запроса на явное создание экземпляра шаблона
  (компиляция исходного файла "main.cpp")
      D:\Files\учусь программировать\PolytechLessons\Kostikov_MN_1.1_NumberConversion\Kostikov_MN_1.1_NumberConversion\IntegerFormatter.h(11,2):
       см. объявление "IntegerFormatter<int>::IntegerFormatter"
  
D:\Files\учусь программировать\PolytechLessons\Kostikov_MN_1.1_NumberConversion\Kostikov_MN_1.1_NumberConversion\IntegerFormatter.h(39,37): warning C4661: T IntegerFormatter<T>::get(void): отсутствует подходящее определение для запроса на явное создание экземпляра шаблона
D:\Files\учусь программировать\PolytechLessons\Kostikov_MN_1.1_NumberConversion\Kostikov_MN_1.1_NumberConversion\IntegerFormatter.h(39,37): warning C4661:         with
D:\Files\учусь программировать\PolytechLessons\Kostikov_MN_1.1_NumberConversion\Kostikov_MN_1.1_NumberConversion\IntegerFormatter.h(39,37): warning C4661:         [
D:\Files\учусь программировать\PolytechLessons\Kostikov_MN_1.1_NumberConversion\Kostikov_MN_1.1_NumberConversion\IntegerFormatter.h(39,37): warning C4661:             T=int
D:\Files\учусь программировать\PolytechLessons\Kostikov_MN_1.1_NumberConversion\Kostikov_MN_1.1_NumberConversion\IntegerFormatter.h(39,37): warning C4661:         ]
  (компиляция исходного файла "main.cpp")
      D:\Files\учусь программировать\PolytechLessons\Kostikov_MN_1.1_NumberConversion\Kostikov_MN_1.1_NumberConversion\IntegerFormatter.h(16,4):
       см. объявление "IntegerFormatter<int>::get"
  
D:\Files\учусь программировать\PolytechLessons\Kostikov_MN_1.1_NumberConversion\Kostikov_MN_1.1_NumberConversion\IntegerFormatter.h(39,37): warning C4661: void IntegerFormatter<int>::set(T): отсутствует подходящее определение для запроса на явное создание экземпляра шаблона
D:\Files\учусь программировать\PolytechLessons\Kostikov_MN_1.1_NumberConversion\Kostikov_MN_1.1_NumberConversion\IntegerFormatter.h(39,37): warning C4661:         with
D:\Files\учусь программировать\PolytechLessons\Kostikov_MN_1.1_NumberConversion\Kostikov_MN_1.1_NumberConversion\IntegerFormatter.h(39,37): warning C4661:         [
D:\Files\учусь программировать\PolytechLessons\Kostikov_MN_1.1_NumberConversion\Kostikov_MN_1.1_NumberConversion\IntegerFormatter.h(39,37): warning C4661:             T=int
D:\Files\учусь программировать\PolytechLessons\Kostikov_MN_1.1_NumberConversion\Kostikov_MN_1.1_NumberConversion\IntegerFormatter.h(39,37): warning C4661:         ]
  (компиляция исходного файла "main.cpp")
      D:\Files\учусь программировать\PolytechLessons\Kostikov_MN_1.1_NumberConversion\Kostikov_MN_1.1_NumberConversion\IntegerFormatter.h(17,7):
       см. объявление "IntegerFormatter<int>::set"
  
D:\Files\учусь программировать\PolytechLessons\Kostikov_MN_1.1_NumberConversion\Kostikov_MN_1.1_NumberConversion\IntegerFormatter.h(39,37): warning C4661: char IntegerFormatter<int>::operator [](int): отсутствует подходящее определение для запроса на явное создание экземпляра шаблона
  (компиляция исходного файла "main.cpp")
      D:\Files\учусь программировать\PolytechLessons\Kostikov_MN_1.1_NumberConversion\Kostikov_MN_1.1_NumberConversion\IntegerFormatter.h(18,7):
       см. объявление "IntegerFormatter<int>::operator []"
  
D:\Files\учусь программировать\PolytechLessons\Kostikov_MN_1.1_NumberConversion\Kostikov_MN_1.1_NumberConversion\IntegerFormatter.h(39,37): warning C4661: char IntegerFormatter<int>::getRadix(void): отсутствует подходящее определение для запроса на явное создание экземпляра шаблона
  (компиляция исходного файла "main.cpp")
      D:\Files\учусь программировать\PolytechLessons\Kostikov_MN_1.1_NumberConversion\Kostikov_MN_1.1_NumberConversion\IntegerFormatter.h(20,7):
       см. объявление "IntegerFormatter<int>::getRadix"
  
D:\Files\учусь программировать\PolytechLessons\Kostikov_MN_1.1_NumberConversion\Kostikov_MN_1.1_NumberConversion\IntegerFormatter.h(39,37): warning C4661: void IntegerFormatter<int>::setRadix(char): отсутствует подходящее определение для запроса на явное создание экземпляра шаблона
  (компиляция исходного файла "main.cpp")
      D:\Files\учусь программировать\PolytechLessons\Kostikov_MN_1.1_NumberConversion\Kostikov_MN_1.1_NumberConversion\IntegerFormatter.h(21,7):
       см. объявление "IntegerFormatter<int>::setRadix"
  
D:\Files\учусь программировать\PolytechLessons\Kostikov_MN_1.1_NumberConversion\Kostikov_MN_1.1_NumberConversion\IntegerFormatter.h(39,37): warning C4661: void IntegerFormatter<int>::from(const char *): отсутствует подходящее определение для запроса на явное создание экземпляра шаблона
  (компиляция исходного файла "main.cpp")
      D:\Files\учусь программировать\PolytechLessons\Kostikov_MN_1.1_NumberConversion\Kostikov_MN_1.1_NumberConversion\IntegerFormatter.h(23,7):
       см. объявление "IntegerFormatter<int>::from"
  
D:\Files\учусь программировать\PolytechLessons\Kostikov_MN_1.1_NumberConversion\Kostikov_MN_1.1_NumberConversion\IntegerFormatter.h(39,37): warning C4661: char *IntegerFormatter<int>::to(void): отсутствует подходящее определение для запроса на явное создание экземпляра шаблона
  (компиляция исходного файла "main.cpp")
      D:\Files\учусь программировать\PolytechLessons\Kostikov_MN_1.1_NumberConversion\Kostikov_MN_1.1_NumberConversion\IntegerFormatter.h(24,8):
       см. объявление "IntegerFormatter<int>::to"
  
D:\Files\учусь программировать\PolytechLessons\Kostikov_MN_1.1_NumberConversion\Kostikov_MN_1.1_NumberConversion\IntegerFormatter.h(39,37): warning C4661: void IntegerFormatter<int>::print(void): отсутствует подходящее определение для запроса на явное создание экземпляра шаблона
  (компиляция исходного файла "main.cpp")
      D:\Files\учусь программировать\PolytechLessons\Kostikov_MN_1.1_NumberConversion\Kostikov_MN_1.1_NumberConversion\IntegerFormatter.h(26,7):
       см. объявление "IntegerFormatter<int>::print"
  
  Создание кода...
  Kostikov_MN_1.1_NumberConversion.vcxproj -> D:\Files\учусь программировать\PolytechLessons\Kostikov_MN_1.1_NumberConversion\x64\Debug\Kostikov_MN_1.1_NumberConversion.exe
